[15:13:00] === BUILD START ===
[15:13:00] == 1/6 aapt2 compile ==
[15:13:00] == 2/6 aapt2 link ==
[15:13:01] == 3/6 kotlinc ==
[15:13:23] == 4/6 d8 ==
[15:13:33] == 5/6 assemble ==
[15:13:34] == 6/6 sign ==
[15:13:35] 绛惧悕鏍￠獙閫€鍑虹爜=0
[15:13:35] 浜х墿锛?APK
[15:13:35] === BUILD DONE in 00:00:34.9137358 ===
[15:51:23] === BUILD START ===
[15:51:24] == 1/6 aapt2 compile ==
[15:51:24] == 2/6 aapt2 link ==
[15:51:24] == 3/6 kotlinc ==
[15:51:48] == 4/6 d8 ==
[15:51:58] == 5/6 assemble ==
[15:51:59] == 6/6 sign ==
[15:52:00] 绛惧悕鏍￠獙閫€鍑虹爜=0
[15:52:00] 浜х墿锛?APK
[15:52:00] === BUILD DONE in 00:00:36.2074053 ===
[16:35:41] === BUILD START ===
[16:35:41] == 1/6 aapt2 compile ==
[16:35:42] == 2/6 aapt2 link ==
[16:35:42] == 3/6 kotlinc ==
[16:36:04] == 4/6 d8 ==
[16:36:14] == 5/6 assemble ==
[16:36:15] == 6/6 sign ==
[16:36:16] 绛惧悕鏍￠獙閫€鍑虹爜=0
[16:36:16] 浜х墿锛?APK
[16:36:16] === BUILD DONE in 00:00:34.4362412 ===
[17:07:46] === BUILD START ===
[17:07:47] == 1/6 aapt2 compile ==
[17:07:47] == 2/6 aapt2 link ==
[17:07:48] == 3/6 kotlinc ==
[17:08:14] == 4/6 d8 ==
[17:08:25] == 5/6 assemble ==
[17:08:25] == 6/6 sign ==
[17:08:27] 绛惧悕鏍￠獙閫€鍑虹爜=0
[17:08:27] 浜х墿锛?APK
[17:08:27] === BUILD DONE in 00:00:40.0567721 ===
[17:56:17] === BUILD START ===
[17:56:24] == 1/6 aapt2 compile ==
[17:56:24] == 2/6 aapt2 link ==
[17:56:25] == 3/6 kotlinc ==
[17:56:51] == 4/6 d8 ==
[17:57:03] == 5/6 assemble ==
[17:57:05] == 6/6 sign ==
[17:57:06] 绛惧悕鏍￠獙閫€鍑虹爜=0
[17:57:06] 浜х墿锛?APK
[17:57:06] === BUILD DONE in 00:00:49.0104357 ===
[18:02:51] === BUILD START ===
[18:02:59] == 1/6 aapt2 compile ==
[18:02:59] == 2/6 aapt2 link ==
[18:03:00] == 3/6 kotlinc ==
[18:03:29] == 4/6 d8 ==
[18:03:40] == 5/6 assemble ==
[18:03:42] == 6/6 sign ==
[18:03:43] 绛惧悕鏍￠獙閫€鍑虹爜=0
[18:03:43] 浜х墿锛?APK
[18:03:43] === BUILD DONE in 00:00:52.1605515 ===
[18:18:39] === BUILD START ===
[18:18:46] == 1/6 aapt2 compile ==
[18:18:46] == 2/6 aapt2 link ==
[18:18:47] == 3/6 kotlinc ==
[18:19:01] kotlinc FAILED 1
[18:21:20] === BUILD START ===
[18:21:23] == 1/6 aapt2 compile ==
[18:21:23] == 2/6 aapt2 link ==
[18:21:24] == 3/6 kotlinc ==
[18:21:46] == 4/6 d8 ==
[18:21:56] == 5/6 assemble ==
[18:21:57] == 6/6 sign ==
[18:21:59] 绛惧悕鏍￠獙閫€鍑虹爜=0
[18:21:59] 浜х墿锛?APK
[18:21:59] === BUILD DONE in 00:00:38.8890983 ===
[18:23:07] === BUILD START ===
[18:23:14] == 1/6 aapt2 compile ==
[18:23:14] == 2/6 aapt2 link ==
[18:23:15] == 3/6 kotlinc ==
[18:23:36] == 4/6 d8 ==
[18:23:46] == 5/6 assemble ==
[18:23:47] == 6/6 sign ==
[18:23:49] 绛惧悕鏍￠獙閫€鍑虹爜=0
[18:23:49] 浜х墿锛?APK
[18:23:49] === BUILD DONE in 00:00:41.7636809 ===
[18:39:22] === BUILD START ===
[18:39:28] == 1/6 aapt2 compile ==
[18:39:29] == 2/6 aapt2 link ==
[18:39:30] == 3/6 kotlinc ==
[18:39:44] kotlinc FAILED 1
[18:40:28] === BUILD START ===
[18:40:31] == 1/6 aapt2 compile ==
[18:40:31] == 2/6 aapt2 link ==
[18:40:32] == 3/6 kotlinc ==
[18:40:51] == 4/6 d8 ==
[18:41:00] == 5/6 assemble ==
[18:41:02] == 6/6 sign ==
[18:41:03] 绛惧悕鏍￠獙閫€鍑虹爜=0
[18:41:03] 浜х墿锛?APK
[18:41:03] === BUILD DONE in 00:00:34.7440161 ===
